// Jest Snapshot v1, https://goo.gl/fbAQLP

exports[`Pruebas en <HookApp/> Debe de mostrarse correctamente 1`] = `
<div>
  HookApp
</div>
`;
